deploy_osd_servers: ceph01,ceph02,ceph03,ceph04,ceph05,ceph06
============start create partition on host ceph01============
osd devices:
                                                                          Model: ATA TOSHIBA MG04ACA4 (scsi)
Disk /dev/sdb: 4001GB
Sector size (logical/physical): 512B/512B
Partition Table: unknown
Disk Flags: 
                                                                          Model: ATA TOSHIBA MG04ACA4 (scsi)
Disk /dev/sdc: 4001GB
Sector size (logical/physical): 512B/512B
Partition Table: unknown
Disk Flags: 
                                                                          Model: ATA TOSHIBA MG04ACA4 (scsi)
Disk /dev/sdd: 4001GB
Sector size (logical/physical): 512B/512B
Partition Table: unknown
Disk Flags: 
                                                                          Model: ATA TOSHIBA MG04ACA4 (scsi)
Disk /dev/sde: 4001GB
Sector size (logical/physical): 512B/512B
Partition Table: unknown
Disk Flags: 
                                                                          Model: ATA TOSHIBA MG04ACA4 (scsi)
Disk /dev/sdf: 4001GB
Sector size (logical/physical): 512B/512B
Partition Table: unknown
Disk Flags: 
                                                                          Model: STEC S846E2000M2 (scsi)
Disk /dev/sdi: 2000GB
Sector size (logical/physical): 512B/512B
Partition Table: unknown
Disk Flags: 
                                                                          Model: STEC S846E2000M2 (scsi)
Disk /dev/sdj: 2000GB
Sector size (logical/physical): 512B/512B
Partition Table: unknown
Disk Flags: 
                                                                          Model: STEC S846E2000M2 (scsi)
Disk /dev/sdk: 2000GB
Sector size (logical/physical): 512B/512B
Partition Table: unknown
Disk Flags: 
                                                                          Model: STEC S846E2000M2 (scsi)
Disk /dev/sdl: 2000GB
Sector size (logical/physical): 512B/512B
Partition Table: unknown
Disk Flags: 
Model: DELL PERC H330 Mini (scsi)
Disk /dev/sdm: 299GB
Sector size (logical/physical): 512B/512B
Partition Table: msdos
Disk Flags: 

Number  Start   End     Size    Type     File system     Flags
 1      1049kB  525MB   524MB   primary  xfs             boot
 2      525MB   4820MB  4295MB  primary  linux-swap(v1)
 3      4820MB  299GB   295GB   primary  xfs

journal devices:
                                                                          Model: ATA TOSHIBA MG04ACA4 (scsi)
Disk /dev/sdg: 4001GB
Sector size (logical/physical): 512B/512B
Partition Table: unknown
Disk Flags: 
                                                                          Model: ATA TOSHIBA MG04ACA4 (scsi)
Disk /dev/sdh: 4001GB
Sector size (logical/physical): 512B/512B
Partition Table: unknown
Disk Flags: 
============start create partition on host ceph02============
osd devices:
                                                                          Model: ATA TOSHIBA MG04ACA4 (scsi)
Disk /dev/sdb: 4001GB
Sector size (logical/physical): 512B/512B
Partition Table: unknown
Disk Flags: 
                                                                          Model: ATA TOSHIBA MG04ACA4 (scsi)
Disk /dev/sdc: 4001GB
Sector size (logical/physical): 512B/512B
Partition Table: unknown
Disk Flags: 
                                                                          Model: ATA TOSHIBA MG04ACA4 (scsi)
Disk /dev/sdd: 4001GB
Sector size (logical/physical): 512B/512B
Partition Table: unknown
Disk Flags: 
                                                                          Model: ATA TOSHIBA MG04ACA4 (scsi)
Disk /dev/sde: 4001GB
Sector size (logical/physical): 512B/512B
Partition Table: unknown
Disk Flags: 
                                                                          Model: ATA TOSHIBA MG04ACA4 (scsi)
Disk /dev/sdh: 4001GB
Sector size (logical/physical): 512B/512B
Partition Table: unknown
Disk Flags: 
                                                                          Model: STEC S846E2000M2 (scsi)
Disk /dev/sdi: 2000GB
Sector size (logical/physical): 512B/512B
Partition Table: unknown
Disk Flags: 
                                                                          Model: STEC S846E2000M2 (scsi)
Disk /dev/sdj: 2000GB
Sector size (logical/physical): 512B/512B
Partition Table: unknown
Disk Flags: 
                                                                          Model: STEC S846E2000M2 (scsi)
Disk /dev/sdk: 2000GB
Sector size (logical/physical): 512B/512B
Partition Table: unknown
Disk Flags: 
                                                                          Model: STEC S846E2000M2 (scsi)
Disk /dev/sdl: 2000GB
Sector size (logical/physical): 512B/512B
Partition Table: unknown
Disk Flags: 
Model: DELL PERC H330 Mini (scsi)
Disk /dev/sdm: 299GB
Sector size (logical/physical): 512B/512B
Partition Table: msdos
Disk Flags: 

Number  Start   End     Size    Type     File system     Flags
 1      1049kB  525MB   524MB   primary  xfs             boot
 2      525MB   4820MB  4295MB  primary  linux-swap(v1)
 3      4820MB  299GB   295GB   primary  xfs

journal devices:
                                                                          Model: ATA TOSHIBA MG04ACA4 (scsi)
Disk /dev/sdf: 4001GB
Sector size (logical/physical): 512B/512B
Partition Table: unknown
Disk Flags: 
                                                                          Model: ATA TOSHIBA MG04ACA4 (scsi)
Disk /dev/sdg: 4001GB
Sector size (logical/physical): 512B/512B
Partition Table: unknown
Disk Flags: 
============start create partition on host ceph03============
osd devices:
                                                                          Model: ATA TOSHIBA MG04ACA4 (scsi)
Disk /dev/sdb: 4001GB
Sector size (logical/physical): 512B/512B
Partition Table: unknown
Disk Flags: 
                                                                          Model: ATA TOSHIBA MG04ACA4 (scsi)
Disk /dev/sdc: 4001GB
Sector size (logical/physical): 512B/512B
Partition Table: unknown
Disk Flags: 
                                                                          Model: ATA TOSHIBA MG04ACA4 (scsi)
Disk /dev/sdd: 4001GB
Sector size (logical/physical): 512B/512B
Partition Table: unknown
Disk Flags: 
                                                                          Model: ATA TOSHIBA MG04ACA4 (scsi)
Disk /dev/sde: 4001GB
Sector size (logical/physical): 512B/512B
Partition Table: unknown
Disk Flags: 
                                                                          Model: ATA TOSHIBA MG04ACA4 (scsi)
Disk /dev/sdh: 4001GB
Sector size (logical/physical): 512B/512B
Partition Table: unknown
Disk Flags: 
                                                                          Model: STEC S846E2000M2 (scsi)
Disk /dev/sdi: 2000GB
Sector size (logical/physical): 512B/512B
Partition Table: unknown
Disk Flags: 
                                                                          Model: STEC S846E2000M2 (scsi)
Disk /dev/sdj: 2000GB
Sector size (logical/physical): 512B/512B
Partition Table: unknown
Disk Flags: 
                                                                          Model: STEC S846E2000M2 (scsi)
Disk /dev/sdk: 2000GB
Sector size (logical/physical): 512B/512B
Partition Table: unknown
Disk Flags: 
                                                                          Model: STEC S846E2000M2 (scsi)
Disk /dev/sdl: 2000GB
Sector size (logical/physical): 512B/512B
Partition Table: unknown
Disk Flags: 
Model: DELL PERC H330 Mini (scsi)
Disk /dev/sdm: 299GB
Sector size (logical/physical): 512B/512B
Partition Table: msdos
Disk Flags: 

Number  Start   End     Size    Type     File system     Flags
 1      1049kB  525MB   524MB   primary  xfs             boot
 2      525MB   4820MB  4295MB  primary  linux-swap(v1)
 3      4820MB  299GB   295GB   primary  xfs

journal devices:
                                                                          Model: ATA TOSHIBA MG04ACA4 (scsi)
Disk /dev/sdf: 4001GB
Sector size (logical/physical): 512B/512B
Partition Table: unknown
Disk Flags: 
                                                                          Model: ATA TOSHIBA MG04ACA4 (scsi)
Disk /dev/sdg: 4001GB
Sector size (logical/physical): 512B/512B
Partition Table: unknown
Disk Flags: 
============start create partition on host ceph04============
osd devices:
                                                                          Model: ATA TOSHIBA MG04ACA4 (scsi)
Disk /dev/sdb: 4001GB
Sector size (logical/physical): 512B/512B
Partition Table: unknown
Disk Flags: 
                                                                          Model: ATA TOSHIBA MG04ACA4 (scsi)
Disk /dev/sdc: 4001GB
Sector size (logical/physical): 512B/512B
Partition Table: unknown
Disk Flags: 
                                                                          Model: ATA TOSHIBA MG04ACA4 (scsi)
Disk /dev/sdd: 4001GB
Sector size (logical/physical): 512B/512B
Partition Table: unknown
Disk Flags: 
                                                                          Model: ATA TOSHIBA MG04ACA4 (scsi)
Disk /dev/sde: 4001GB
Sector size (logical/physical): 512B/512B
Partition Table: unknown
Disk Flags: 
                                                                          Model: ATA TOSHIBA MG04ACA4 (scsi)
Disk /dev/sdh: 4001GB
Sector size (logical/physical): 512B/512B
Partition Table: unknown
Disk Flags: 
                                                                          Model: STEC S846E2000M2 (scsi)
Disk /dev/sdi: 2000GB
Sector size (logical/physical): 512B/512B
Partition Table: unknown
Disk Flags: 
                                                                          Model: STEC S846E2000M2 (scsi)
Disk /dev/sdj: 2000GB
Sector size (logical/physical): 512B/512B
Partition Table: unknown
Disk Flags: 
                                                                          Model: STEC S846E2000M2 (scsi)
Disk /dev/sdk: 2000GB
Sector size (logical/physical): 512B/512B
Partition Table: unknown
Disk Flags: 
                                                                          Model: STEC S846E2000M2 (scsi)
Disk /dev/sdl: 2000GB
Sector size (logical/physical): 512B/512B
Partition Table: unknown
Disk Flags: 
Model: DELL PERC H330 Mini (scsi)
Disk /dev/sdm: 299GB
Sector size (logical/physical): 512B/512B
Partition Table: msdos
Disk Flags: 

Number  Start   End     Size    Type     File system     Flags
 1      1049kB  525MB   524MB   primary  xfs             boot
 2      525MB   4820MB  4295MB  primary  linux-swap(v1)
 3      4820MB  299GB   295GB   primary  xfs

journal devices:
                                                                          Model: ATA TOSHIBA MG04ACA4 (scsi)
Disk /dev/sdf: 4001GB
Sector size (logical/physical): 512B/512B
Partition Table: unknown
Disk Flags: 
                                                                          Model: ATA TOSHIBA MG04ACA4 (scsi)
Disk /dev/sdg: 4001GB
Sector size (logical/physical): 512B/512B
Partition Table: unknown
Disk Flags: 
============start create partition on host ceph05============
osd devices:
                                                                          Model: ATA TOSHIBA MG04ACA4 (scsi)
Disk /dev/sdb: 4001GB
Sector size (logical/physical): 512B/512B
Partition Table: unknown
Disk Flags: 
                                                                          Model: ATA TOSHIBA MG04ACA4 (scsi)
Disk /dev/sdc: 4001GB
Sector size (logical/physical): 512B/512B
Partition Table: unknown
Disk Flags: 
                                                                          Model: ATA TOSHIBA MG04ACA4 (scsi)
Disk /dev/sdd: 4001GB
Sector size (logical/physical): 512B/512B
Partition Table: unknown
Disk Flags: 
                                                                          Model: ATA TOSHIBA MG04ACA4 (scsi)
Disk /dev/sde: 4001GB
Sector size (logical/physical): 512B/512B
Partition Table: unknown
Disk Flags: 
                                                                          Model: ATA TOSHIBA MG04ACA4 (scsi)
Disk /dev/sdh: 4001GB
Sector size (logical/physical): 512B/512B
Partition Table: unknown
Disk Flags: 
                                                                          Model: STEC S846E2000M2 (scsi)
Disk /dev/sdi: 2000GB
Sector size (logical/physical): 512B/512B
Partition Table: unknown
Disk Flags: 
                                                                          Model: STEC S846E2000M2 (scsi)
Disk /dev/sdj: 2000GB
Sector size (logical/physical): 512B/512B
Partition Table: unknown
Disk Flags: 
                                                                          Model: STEC S846E2000M2 (scsi)
Disk /dev/sdk: 2000GB
Sector size (logical/physical): 512B/512B
Partition Table: unknown
Disk Flags: 
                                                                          Model: STEC S846E2000M2 (scsi)
Disk /dev/sdl: 2000GB
Sector size (logical/physical): 512B/512B
Partition Table: unknown
Disk Flags: 
Model: DELL PERC H330 Mini (scsi)
Disk /dev/sdm: 299GB
Sector size (logical/physical): 512B/512B
Partition Table: msdos
Disk Flags: 

Number  Start   End     Size    Type     File system     Flags
 1      1049kB  525MB   524MB   primary  xfs             boot
 2      525MB   4820MB  4295MB  primary  linux-swap(v1)
 3      4820MB  299GB   295GB   primary  xfs

journal devices:
                                                                          Model: ATA TOSHIBA MG04ACA4 (scsi)
Disk /dev/sdf: 4001GB
Sector size (logical/physical): 512B/512B
Partition Table: unknown
Disk Flags: 
                                                                          Model: ATA TOSHIBA MG04ACA4 (scsi)
Disk /dev/sdg: 4001GB
Sector size (logical/physical): 512B/512B
Partition Table: unknown
Disk Flags: 
============start create partition on host ceph06============
osd devices:
                                                                          Model: ATA TOSHIBA MG04ACA4 (scsi)
Disk /dev/sdb: 4001GB
Sector size (logical/physical): 512B/512B
Partition Table: unknown
Disk Flags: 
                                                                          Model: ATA TOSHIBA MG04ACA4 (scsi)
Disk /dev/sde: 4001GB
Sector size (logical/physical): 512B/512B
Partition Table: unknown
Disk Flags: 
                                                                          Model: ATA TOSHIBA MG04ACA4 (scsi)
Disk /dev/sdf: 4001GB
Sector size (logical/physical): 512B/512B
Partition Table: unknown
Disk Flags: 
                                                                          Model: ATA TOSHIBA MG04ACA4 (scsi)
Disk /dev/sdg: 4001GB
Sector size (logical/physical): 512B/512B
Partition Table: unknown
Disk Flags: 
                                                                          Model: ATA TOSHIBA MG04ACA4 (scsi)
Disk /dev/sdh: 4001GB
Sector size (logical/physical): 512B/512B
Partition Table: unknown
Disk Flags: 
                                                                          Model: STEC S846E2000M2 (scsi)
Disk /dev/sdi: 2000GB
Sector size (logical/physical): 512B/512B
Partition Table: unknown
Disk Flags: 
                                                                          Model: STEC S846E2000M2 (scsi)
Disk /dev/sdj: 2000GB
Sector size (logical/physical): 512B/512B
Partition Table: unknown
Disk Flags: 
                                                                          Model: STEC S846E2000M2 (scsi)
Disk /dev/sdk: 2000GB
Sector size (logical/physical): 512B/512B
Partition Table: unknown
Disk Flags: 
                                                                          Model: STEC S846E2000M2 (scsi)
Disk /dev/sdl: 2000GB
Sector size (logical/physical): 512B/512B
Partition Table: unknown
Disk Flags: 
Model: DELL PERC H330 Mini (scsi)
Disk /dev/sdm: 299GB
Sector size (logical/physical): 512B/512B
Partition Table: msdos
Disk Flags: 

Number  Start   End     Size    Type     File system     Flags
 1      1049kB  525MB   524MB   primary  xfs             boot
 2      525MB   4820MB  4295MB  primary  linux-swap(v1)
 3      4820MB  299GB   295GB   primary  xfs

journal devices:
                                                                          Model: ATA TOSHIBA MG04ACA4 (scsi)
Disk /dev/sdc: 4001GB
Sector size (logical/physical): 512B/512B
Partition Table: unknown
Disk Flags: 
                                                                          Model: ATA TOSHIBA MG04ACA4 (scsi)
Disk /dev/sdd: 4001GB
Sector size (logical/physical): 512B/512B
Partition Table: unknown
Disk Flags: 
